[yammbuffet.com/index.html]
[backblue.gif]
[fade.gif]
[index.html]
[yammbuffet.com/manifest.webmanifest]
[img1.wsimg.com/isteam/ip/dcaf0790-2e31-40ed-a635-4e61984ff6cd/_DSC9620.jpg]
[yammbuffet.com/sw.js]
[yammbuffet.com/prices.html]
[yammbuffet.com/menu.html]
[yammbuffet.com/news.html]
[yammbuffet.com/gallery.html]
[yammbuffet.com/privacy-policy.html]
[img1.wsimg.com/blobby/go/dcaf0790-2e31-40ed-a635-4e61984ff6cd/gpub/a5a90ad88e5f9e48/script.js]
[img1.wsimg.com/blobby/go/dcaf0790-2e31-40ed-a635-4e61984ff6cd/gpub/51e0642fe1683a1e/script.js]
[yammbuffet.com/index.html]
[yammbuffet.com/prices/f.atom]
[yammbuffet.com/prices/f.json]
[img1.wsimg.com/signals/js/clients/scc-c2/scc-c2.min.js]
[yammbuffet.com/prices/f.rss]
[img1.wsimg.com/ceph-p3-01/website-builder-data-prod/static/widgets/UX.4.31.0.js]
[img1.wsimg.com/blobby/go/dcaf0790-2e31-40ed-a635-4e61984ff6cd/gpub/dbe8b090c6b0274/script.js]
[yammbuffet.com/prices.html]
[img1.wsimg.com/blobby/go/dcaf0790-2e31-40ed-a635-4e61984ff6cd/gpub/4a0812943f26e690/script.js]
[img1.wsimg.com/blobby/go/dcaf0790-2e31-40ed-a635-4e61984ff6cd/gpub/e0d619f1fa260afc/script.js]
[img1.wsimg.com/blobby/go/dcaf0790-2e31-40ed-a635-4e61984ff6cd/gpub/43d40951b17c611c/script.js]
[yammbuffet.com/menu.html]
[img1.wsimg.com/blobby/go/dcaf0790-2e31-40ed-a635-4e61984ff6cd/gpub/38aa2e9d62ef33c1/script.js]
[img1.wsimg.com/blobby/go/dcaf0790-2e31-40ed-a635-4e61984ff6cd/gpub/931a86fcb4b1a26a/script.js]
[yammbuffet.com/news.html]
[img1.wsimg.com/blobby/go/dcaf0790-2e31-40ed-a635-4e61984ff6cd/gpub/ab486b55ae500b1e/script.js]
[img1.wsimg.com/blobby/go/dcaf0790-2e31-40ed-a635-4e61984ff6cd/gpub/b997c39089c7f439/script.js]
[yammbuffet.com/gallery.html]
[img1.wsimg.com/blobby/go/dcaf0790-2e31-40ed-a635-4e61984ff6cd/gpub/66e54df6452b637e/script.js]
[img1.wsimg.com/blobby/go/dcaf0790-2e31-40ed-a635-4e61984ff6cd/gpub/e17b59ea5f1bbb5/script.js]
[yammbuffet.com/privacy-policy.html]
[img1.wsimg.com/poly/v3/polyfill.min0b31.html]
